Output:
Test message
